
=== GRAPH PAUSED FOR HUMAN REVIEW ===
Thread ID: eda-session-iris
The graph has paused before executing the high-risk save action.
A human can now inspect, edit, approve, or cancel.


=== THREAD STATE ===
CSV PATH: D:\University Stuff\Semester 8\Capstone Lab\Data-Insight\Iris.csv
USER GOAL: Perform exploratory data analysis on the dataset to identify patterns, missing values, potential outliers, and provide a structured EDA proposal.
PROPOSED SAVE PATH: D:\University Stuff\Semester 8\Capstone Lab\Data-Insight\outputs\final_eda_proposal.txt
HUMAN DECISION: pending

=== DATASET SUMMARY ===
{
  "file_path": "D:\\University Stuff\\Semester 8\\Capstone Lab\\Data-Insight\\Iris.csv",
  "shape": [
    150,
    6
  ],
  "columns": [
    "Id",
    "SepalLengthCm",
    "SepalWidthCm",
    "PetalLengthCm",
    "PetalWidthCm",
    "Species"
  ],
  "dtypes": {
    "Id": "int64",
    "SepalLengthCm": "float64",
    "SepalWidthCm": "float64",
    "PetalLengthCm": "float64",
    "PetalWidthCm": "float64",
    "Species": "str"
  },
  "missing_counts": {
    "Id": 0,
    "SepalLengthCm": 0,
    "SepalWidthCm": 0,
    "PetalLengthCm": 0,
    "PetalWidthCm": 0,
    "Species": 0
  },
  "numeric_columns": [
    "Id",
    "SepalLengthCm",
    "SepalWidthCm",
    "PetalLengthCm",
    "PetalWidthCm"
  ],
  "categorical_columns": [
    "Species"
  ],
  "datetime_columns": [],
  "sample_rows": [
    {
      "Id": 1,
      "SepalLengthCm": 5.1,
      "SepalWidthCm": 3.5,
      "PetalLengthCm": 1.4,
      "PetalWidthCm": 0.2,
      "Species": "Iris-setosa"
    },
    {
      "Id": 2,
      "SepalLengthCm": 4.9,
      "SepalWidthCm": 3.0,
      "PetalLengthCm": 1.4,
      "PetalWidthCm": 0.2,
      "Species": "Iris-setosa"
    },
    {
      "Id": 3,
      "SepalLengthCm": 4.7,
      "SepalWidthCm": 3.2,
      "PetalLengthCm": 1.3,
      "PetalWidthCm": 0.2,
      "Species": "Iris-setosa"
    }
  ]
}

=== EDA PLAN ===
{
  "goal": "Perform exploratory data analysis on the dataset to identify patterns, missing values, potential outliers, and provide a structured EDA proposal.",
  "dataset_columns": [
    "Id",
    "SepalLengthCm",
    "SepalWidthCm",
    "PetalLengthCm",
    "PetalWidthCm",
    "Species"
  ],
  "numeric_columns": [
    "Id",
    "SepalLengthCm",
    "SepalWidthCm",
    "PetalLengthCm",
    "PetalWidthCm"
  ],
  "categorical_columns": [
    "Species"
  ],
  "datetime_columns": [],
  "recommended_plots": [
    "Histograms for numeric distributions",
    "Boxplots for outlier detection",
    "Correlation heatmap",
    "Scatter plots for top numeric relationships",
    "Bar charts for categorical distributions"
  ],
  "steps": [
    "Validate dataset shape, schema, and data types",
    "Check missing values column-wise and decide whether deletion or imputation is appropriate",
    "Generate descriptive statistics for numeric columns",
    "Analyze numeric feature distributions and skewness using histograms or density plots",
    "Detect outliers in key numeric columns using IQR and boxplots",
    "Measure relationships between numeric variables using correlation analysis",
    "Inspect category frequencies and compare group-level patterns",
    "Summarize key insights, anomalies, and data quality concerns into an EDA proposal"
  ],
  "grounding_used": true
}

=== FINAL PROPOSAL DRAFT ===
# Exploratory Data Analysis (EDA) Proposal for Iris Dataset

## Dataset Overview
The Iris dataset consists of 150 observations, each representing a flower with four measurements (Sepal Length, Sepal Width, Petal Length, Petal Width) and a categorical variable (Species). The dataset is structured with 6 columns and no missing values.

## Grounded Analytical Considerations
The primary goal of this EDA is to understand the structure, quality, and characteristics of the Iris dataset. By identifying patterns, missing values, potential outliers, and relationships between variables, we aim to ensure that subsequent analysis or machine learning models are built on reliable and well-understood data.

## Proposed EDA Workflow
1. **Validate Dataset Shape, Schema, and Data Types**: Confirm that the dataset has 150 rows and 6 columns with appropriate data types.
2. **Check Missing Values Column-wise**: Verify that there are no missing values in any column. If any were present, decide whether deletion or imputation is appropriate.
3. **Generate Descriptive Statistics for Numeric Columns**: Calculate summary statistics such as mean, median, standard deviation, minimum, and maximum for the numeric columns (Id, SepalLengthCm, SepalWidthCm, PetalLengthCm, PetalWidthCm).
4. **Analyze Numeric Feature Distributions and Skewness**: Use histograms or density plots to visualize the distribution of each numeric feature and assess their skewness.
5. **Detect Outliers in Key Numeric Columns**: Identify potential outliers using the Interquartile Range (IQR) method and boxplots.
6. **Measure Relationships Between Numeric Variables**: Calculate and visualize the correlation between numeric variables using a correlation heatmap and scatter plots.
7. **Inspect Category Frequencies and Compare Group-level Patterns**: Analyze the distribution of the categorical variable (Species) and compare patterns across different species.
8. **Summarize Key Insights, Anomalies, and Data Quality Concerns**: Compile the findings into a structured EDA proposal.

## Recommended Visualizations
- **Histograms for Numeric Distributions**: To visualize the distribution of each numeric feature.
- **Boxplots for Outlier Detection**: To identify potential outliers in key numeric columns.
- **Correlation Heatmap**: To measure and visualize the relationships between numeric variables.
- **Scatter Plots for Top Numeric Relationships**: To explore the relationships between pairs of numeric variables.
- **Bar Charts for Categorical Distributions**: To analyze the distribution of the categorical variable (Species) and compare patterns across different species.

## Expected Outcomes
- A comprehensive understanding of the Iris dataset's structure and quality.
- Identification of any missing values, outliers, or anomalies.
- Insights into the relationships between numeric variables.
- Visualizations that help in interpreting the data and drawing meaningful conclusions.
- A structured EDA proposal summarizing key findings, anomalies, and data quality concerns.
