
=== FINAL EDA PROPOSAL ===

### Dataset Overview

The dataset contains 150 observations and 6 columns: Id, SepalLengthCm, SepalWidthCm, PetalLengthCm, PetalWidthCm, and Species. All columns are of numeric and string data types, with no missing values present.

### Grounded Analytical Considerations

1. **Missing Values**: The dataset does not contain any missing values, which simplifies the initial data cleaning process. However, it is still important to ensure data consistency and detect any potential anomalies.
2. **Outliers**: Outliers can significantly impact the analysis, so it is crucial to identify and analyze them using statistical methods like the Interquartile Range (IQR) and boxplots.
3. **Distribution Analysis**: Understanding the distribution of numerical features (SepalLengthCm, SepalWidthCm, PetalLengthCm, PetalWidthCm) will help in identifying skewness and multimodality.
4. **Correlation Analysis**: Analyzing the relationships between numeric variables will provide insights into how features interact with each other.
5. **Categorical Distribution**: Examining the distribution of the categorical variable (Species) will help in understanding the balance of classes and any potential imbalances.

### Proposed EDA Workflow

1. **Dataset Overview**: Examine the dataset dimensions, column names, and data types to ensure the dataset is correctly formatted.
2. **Data Quality Assessment**: Check for any potential duplicates and verify data consistency.
3. **Summary Statistics**: Generate descriptive statistics for the numeric variables to understand their distribution.
4. **Missing Value Treatment**: Since there are no missing values, this step is skipped.
5. **Distribution Analysis**: Analyze the distribution of numerical variables using histograms and density plots to detect skewness and multimodality.
6. **Outlier Detection**: Detect outliers in important numeric columns using the IQR method and boxplots.
7. **Correlation Analysis**: Measure the relationships between numeric variables using a correlation heatmap.
8. **Categorical Distribution**: Inspect the distribution of the categorical variable (Species) using bar charts to compare group-level patterns.
9. **Summarize Insights**: Summarize the key insights, anomalies, and data quality concerns into an EDA proposal.

### Recommended Visualizations

1. **Histograms for Numeric Distributions**: To visualize the distribution of SepalLengthCm, SepalWidthCm, PetalLengthCm, and PetalWidthCm.
2. **Boxplots for Outlier Detection**: To identify outliers in SepalLengthCm, SepalWidthCm, PetalLengthCm, and PetalWidthCm.
3. **Correlation Heatmap**: To understand the relationships between numeric variables.
4. **Scatter Plots for Top Numeric Relationships**: To explore the relationships between pairs of numeric variables.
5. **Bar Charts for Categorical Distributions**: To compare the frequency of each species in the dataset.

### Expected Outcomes

1. **Understanding Data Distribution**: Identify the distribution of numerical features and detect any skewness or multimodality.
2. **Outlier Detection**: Identify and analyze outliers in the dataset to ensure they do not significantly impact the analysis.
3. **Correlation Insights**: Understand the relationships between numeric variables and identify any potential correlations.
4. **Categorical Balance**: Assess the balance of classes in the Species variable and compare group-level patterns.
5. **Data Quality Report**: Draft an EDA proposal summarizing the key findings, anomalies, and data quality concerns.

=== DATASET SUMMARY ===

{
  "file_path": "D:/University Stuff/Semester 8/Capstone Lab/Data-Insight/Iris.csv",
  "shape": [
    150,
    6
  ],
  "columns": [
    "Id",
    "SepalLengthCm",
    "SepalWidthCm",
    "PetalLengthCm",
    "PetalWidthCm",
    "Species"
  ],
  "dtypes": {
    "Id": "int64",
    "SepalLengthCm": "float64",
    "SepalWidthCm": "float64",
    "PetalLengthCm": "float64",
    "PetalWidthCm": "float64",
    "Species": "str"
  },
  "missing_counts": {
    "Id": 0,
    "SepalLengthCm": 0,
    "SepalWidthCm": 0,
    "PetalLengthCm": 0,
    "PetalWidthCm": 0,
    "Species": 0
  },
  "numeric_columns": [
    "Id",
    "SepalLengthCm",
    "SepalWidthCm",
    "PetalLengthCm",
    "PetalWidthCm"
  ],
  "categorical_columns": [
    "Species"
  ],
  "datetime_columns": [],
  "sample_rows": [
    {
      "Id": 1,
      "SepalLengthCm": 5.1,
      "SepalWidthCm": 3.5,
      "PetalLengthCm": 1.4,
      "PetalWidthCm": 0.2,
      "Species": "Iris-setosa"
    },
    {
      "Id": 2,
      "SepalLengthCm": 4.9,
      "SepalWidthCm": 3.0,
      "PetalLengthCm": 1.4,
      "PetalWidthCm": 0.2,
      "Species": "Iris-setosa"
    },
    {
      "Id": 3,
      "SepalLengthCm": 4.7,
      "SepalWidthCm": 3.2,
      "PetalLengthCm": 1.3,
      "PetalWidthCm": 0.2,
      "Species": "Iris-setosa"
    }
  ]
}

=== EDA PLAN ===

{
  "goal": "Find patterns, missing values, outliers, and draft an EDA proposal for this dataset.",
  "dataset_columns": [
    "Id",
    "SepalLengthCm",
    "SepalWidthCm",
    "PetalLengthCm",
    "PetalWidthCm",
    "Species"
  ],
  "numeric_columns": [
    "Id",
    "SepalLengthCm",
    "SepalWidthCm",
    "PetalLengthCm",
    "PetalWidthCm"
  ],
  "categorical_columns": [
    "Species"
  ],
  "datetime_columns": [],
  "recommended_plots": [
    "Histograms for numeric distributions",
    "Boxplots for outlier detection",
    "Correlation heatmap",
    "Scatter plots for top numeric relationships",
    "Bar charts for categorical distributions"
  ],
  "steps": [
    "Validate dataset structure, shape, and column data types",
    "Check missing values column-wise and identify whether imputation or deletion is suitable",
    "Generate descriptive statistics for numeric variables",
    "Analyze numeric feature distributions and skewness using histograms or density plots",
    "Detect outliers in important numeric columns using IQR and boxplots",
    "Measure relationships between numeric variables using correlation analysis",
    "Inspect category frequencies and compare group-level patterns",
    "Summarize insights, anomalies, and data quality concerns into an EDA proposal"
  ],
  "grounding_used": true
}
